// Jest Snapshot v1, https://goo.gl/fbAQLP

exports[`component renders 1`] = `
<div
  className="popup-container"
>
  <div
    className="container mx-4 my-4"
  >
    <div
      className="row"
    >
      <div
        className="col-lg-12 text-center"
      >
        <p
          className="lead mb-0"
        >
          Example Extension
        </p>
      </div>
    </div>
    <hr />
    <div
      className="row"
    >
      <div
        className="col-lg-12"
      >
        <button
          className="MuiButtonBase-root MuiButton-root MuiButton-contained makeStyles-margin-1 MuiButton-containedPrimary"
          disabled={false}
          onBlur={[Function]}
          onClick={[Function]}
          onDragLeave={[Function]}
          onFocus={[Function]}
          onKeyDown={[Function]}
          onKeyUp={[Function]}
          onMouseDown={[Function]}
          onMouseLeave={[Function]}
          onMouseUp={[Function]}
          onTouchEnd={[Function]}
          onTouchMove={[Function]}
          onTouchStart={[Function]}
          tabIndex={0}
          type="button"
        >
          <span
            className="MuiButton-label"
          >
            Scroll To Top
          </span>
        </button>
        <hr
          className="MuiDivider-root"
        />
        <button
          className="MuiButtonBase-root MuiButton-root MuiButton-contained makeStyles-margin-1 MuiButton-containedSecondary"
          disabled={false}
          onBlur={[Function]}
          onClick={[Function]}
          onDragLeave={[Function]}
          onFocus={[Function]}
          onKeyDown={[Function]}
          onKeyUp={[Function]}
          onMouseDown={[Function]}
          onMouseLeave={[Function]}
          onMouseUp={[Function]}
          onTouchEnd={[Function]}
          onTouchMove={[Function]}
          onTouchStart={[Function]}
          tabIndex={0}
          type="button"
        >
          <span
            className="MuiButton-label"
          >
            Scroll To Bottom
          </span>
        </button>
      </div>
    </div>
  </div>
</div>
`;
